
R version 3.4.4 (2018-03-15) -- "Someone to Lean On"
Copyright (C) 2018 The R Foundation for Statistical Computing
Platform: x86_64-pc-linux-gnu (64-bit)

R is free software and comes with ABSOLUTELY NO WARRANTY.
You are welcome to redistribute it under certain conditions.
Type 'license()' or 'licence()' for distribution details.

R is a collaborative project with many contributors.
Type 'contributors()' for more information and
'citation()' on how to cite R or R packages in publications.

Type 'demo()' for some demos, 'help()' for on-line help, or
'help.start()' for an HTML browser interface to help.
Type 'q()' to quit R.

> library(testthat)
> library(msPurity)
Loading required package: Rcpp
> Sys.setenv("R_TESTS" = "")
> test_check("msPurity")
[1] "########################################################"
[1] "## Checking LCMS based class and functions            ##"
[1] "########################################################"
[1] "########################################################"
[1] "## Checking file list function                        ##"
[1] "########################################################"
[1] "=== check for using csv ==="
[1] "=== check for using mzML ==="
[1] "########################################################"
[1] "## Check average spectra (function only)              ##"
[1] "########################################################"
[1] "=== check single core ==="
[1] "=== check simple clustering ==="
[1] "=== check using MsFileReader output (median SNR thres) ==="
snmeth: median[1] "=== check using MsFileReader output (precalc SNR thres) ==="
snmeth: precalc[1] "########################################################"
[1] "## Check mz subtraction (function only)               ##"
[1] "########################################################"
[1] "########################################################"
[1] "## Check predict purity (function only)               ##"
[1] "########################################################"
[1] "=== Check predicted purity for mzML files ==="
[1] "########################################################"
[1] "## Check groupPeaks (function only)               ##"
[1] "########################################################"
[1] "=== check single core ==="
[1] "########################################################"
[1] "## Check mzML Workflow                                ##"
[1] "########################################################"
[1] "averaging spectra"
[1] "filtering spectra"
[1] "subtracting"
[1] "purity prediction"
[1] "########################################################"
[1] "## Checking LCMS based class and functions            ##"
[1] "########################################################"
[1] 4
[1] "########################################################"
[1] "## Checking pcalc functions                           ##"
[1] "########################################################"
[1] "########################################################"
[1] "## Spectral matching functions                        ##"
[1] "########################################################"
══ testthat results  ═══════════════════════════════════════════════════════════
OK: 85 SKIPPED: 0 FAILED: 0
Warning message:
call dbDisconnect() when finished working with a connection 
> 
> proc.time()
   user  system elapsed 
180.549   1.479 204.062 
